Data Processing/Sales_Case_Study_processed.csv
Date,Sales,Cost Of Sales,Quantity Sold,year_number,month_name,day_name,gross_profit,gross_profit_pct,gross_profit_per_unit,unit_price,avg_unit_price
2014-06-24,36692.67986,35299.06424,1047,2014,June,Tuesday,1393.6156199999969,3.8,1.33,35.05,37.07
2014-06-25,56077.54269,53925.25763,1601,2014,June,Wednesday,2152.285060000002,3.84,1.34,35.03,37.07
2014-06-26,55780.70745,53688.2412,1592,2014,June,Thursday,2092.466250000005,3.75,1.31,35.04,37.07
2014-06-27,131721.2383,127302.4271,3759,2014,June,Friday,4418.8111999999965,3.35,1.18,35.04,37.07
2014-06-28,146169.0766,141012.3294,4172,2014,June,Saturday,5156.7472000000125,3.53,1.24,35.04,37.07
2014-06-29,62073.58541,60083.86984,1772,2014,June,Sunday,1989.7155700000003,3.21,1.12,35.03,37.07
2014-06-30,93619.84699,90294.37609,2672,2014,June,Monday,3325.4709000000003,3.55,1.24,35.04,37.07
2014-07-01,180183.0314,173842.9209,5143,2014,July,Tuesday,6340.11050000001,3.52,1.23,35.03,37.07
2014-07-02,104760.7062,101615.732,2990,2014,July,Wednesday,3144.974199999997,3,1.05,35.04,37.07
2014-07-03,93450.53368,90927.08966,2667,2014,July,Thursday,2523.4440199999954,2.7,0.95,35.04,37.07
2014-07-04,98087.5559,95423.27399,2799,2014,July,Friday,2664.281910000005,2.72,0.95,35.04,37.07
2014-07-05,117562.2629,114395.6276,3355,2014,July,Saturday,3166.6352999999945,2.69,0.94,35.04,37.07
2014-07-06,70153.08097,68252.24221,2002,2014,July,Sunday,1900.8387599999987,2.71,0.95,35.04,37.07
2014-07-07,68918.41529,66990.88135,1967,2014,July,Monday,1927.5339400000084,2.8,0.98,35.04,37.07
2014-07-08,108417.4028,105373.3,3094,2014,July,Tuesday,3044.1027999999933,2.81,0.98,35.04,37.07
2014-07-09,81802.60821,79496.49424,2335,2014,July,Wednesday,2306.113970000006,2.82,0.99,35.03,37.07
2014-07-10,103998.5597,101270.9711,2968,2014,July,Thursday,2727.5886000000028,2.62,0.92,35.04,37.07
2014-07-11,134018.0893,130633.2627,3825,2014,July,Friday,3384.826599999986,2.53,0.88,35.04,37.07
2014-07-12,99277.2995,96688.49781,2833,2014,July,Saturday,2588.801689999993,2.61,0.91,35.04,37.07
2014-07-13,49705.232,48370.30899,1419,2014,July,Sunday,1334.923010000006,2.69,0.94,35.03,37.07
2014-07-14,75384.57455,73393.44659,2151,2014,July,Monday,1991.127959999998,2.64,0.93,35.05,37.07
2014-07-15,110288.2342,107437.381,3148,2014,July,Tuesday,2850.8532000000123,2.58,0.91,35.03,37.07
2014-07-16,156536.6862,164641.354,4825,2014,July,Wednesday,-8104.667799999996,-5.18,-1.68,32.44,37.07
2014-07-17,80823.0592,78844.8605,2307,2014,July,Thursday,1978.198700000008,2.45,0.86,35.03,37.07
2014-07-18,124615.6856,121612.1789,3557,2014,July,Friday,3003.506699999998,2.41,0.84,35.03,37.07
2014-07-19,242758.9505,255779.8545,7485,2014,July,Saturday,-13020.90399999998,-5.36,-1.74,32.43,37.07
2014-07-20,85078.24369,83020.51413,2428,2014,July,Sunday,2057.729560000007,2.42,0.85,35.04,37.07
2014-07-21,86738.06743,84643.27183,2475,2014,July,Monday,2094.7955999999976,2.42,0.85,35.05,37.07
2014-07-22,56673.61581,55278.70783,1618,2014,July,Tuesday,1394.9079800000036,2.46,0.86,35.03,37.07
2014-07-23,165742.1705,173725.3575,5106,2014,July,Wednesday,-7983.187000000005,-4.82,-1.56,32.46,37.07
2014-07-24,95618.2488,92416.90384,2729,2014,July,Thursday,3201.344960000002,3.35,1.17,35.04,37.07
2014-07-25,515698.7958,538260.2718,15897,2014,July,Friday,-22561.475999999966,-4.37,-1.42,32.44,37.07
2014-07-26,562590.3665,586670.5141,17343,2014,July,Saturday,-24080.147600000026,-4.28,-1.39,32.44,37.07
2014-07-27,266305.9259,277238.0104,8207,2014,July,Sunday,-10932.084500000055,-4.11,-1.33,32.45,37.07
2014-07-28,292634.7457,304508.379,9018,2014,July,Monday,-11873.633299999987,-4.06,-1.32,32.45,37.07
2014-07-29,212360.9931,221017.0731,6548,2014,July,Tuesday,-8656.080000000016,-4.08,-1.32,32.43,37.07
2014-07-30,198019.3321,205903.8249,6102,2014,July,Wednesday,-7884.492800000007,-3.98,-1.29,32.45,37.07
2014-07-31,295508.3273,307222.3954,9108,2014,July,Thursday,-11714.068099999975,-3.96,-1.29,32.44,37.07
2014-08-01,611894.6732,636341.3159,18867,2014,August,Friday,-24446.642700000084,-4,-1.3,32.43,37.07
2014-08-02,628685.2188,653779.9635,19384,2014,August,Saturday,-25094.744699999923,-3.99,-1.29,32.43,37.07
2014-08-03,307272.6837,319500.0095,9473,2014,August,Sunday,-12227.325799999991,-3.98,-1.29,32.44,37.07
2014-08-04,362106.5326,376645.7509,11170,2014,August,Monday,-14539.218300000008,-4.02,-1.3,32.42,37.07
2014-08-05,262349.591,272809.2904,8091,2014,August,Tuesday,-10459.699399999983,-3.99,-1.29,32.42,37.07
2014-08-06,80697.9035,77649.63653,2303,2014,August,Wednesday,3048.266969999997,3.78,1.32,35.04,37.07
2014-08-07,103272.6227,99367.23322,2947,2014,August,Thursday,3905.3894800000126,3.78,1.33,35.04,37.07
2014-08-08,439421.4221,456509.6219,13542,2014,August,Friday,-17088.199800000002,-3.89,-1.26,32.45,37.07
2014-08-09,408616.3506,424340.9494,12588,2014,August,Saturday,-15724.598799999978,-3.85,-1.25,32.46,37.07
2014-08-10,195866.773,203331.4348,6032,2014,August,Sunday,-7464.661800000002,-3.81,-1.24,32.47,37.07
2014-08-11,232347.3532,241134.5278,7158,2014,August,Monday,-8787.174599999998,-3.78,-1.23,32.46,37.07
2014-08-12,190325.1811,197438.1116,5863,2014,August,Tuesday,-7112.930500000017,-3.74,-1.21,32.46,37.07
2014-08-13,197698.1186,205114.1289,6092,2014,August,Wednesday,-7416.010300000024,-3.75,-1.22,32.45,37.07
2014-08-14,177908.8356,184687.5291,5485,2014,August,Thursday,-6778.693500000023,-3.81,-1.24,32.44,37.07
2014-08-15,473321.8825,491559.423,14587,2014,August,Friday,-18237.540500000003,-3.85,-1.25,32.45,37.07
2014-08-16,541600.8922,562953.3708,16686,2014,August,Saturday,-21352.47860000003,-3.94,-1.28,32.46,37.07
2014-08-17,239513.979,249203.1208,7380,2014,August,Sunday,-9689.141800000012,-4.05,-1.31,32.45,37.07
2014-08-18,255224.2226,265532.5462,7864,2014,August,Monday,-10308.323599999974,-4.04,-1.31,32.45,37.07
2014-08-19,160372.0397,167021.1578,4941,2014,August,Tuesday,-6649.118099999992,-4.15,-1.35,32.46,37.07
2014-08-20,171587.3323,174723.1754,5151,2014,August,Wednesday,-3135.8430999999982,-1.83,-0.61,33.31,37.07
2014-08-21,164208.0606,167239.6488,4928,2014,August,Thursday,-3031.5881999999983,-1.85,-0.62,33.32,37.07
2014-08-22,376778.8357,384006.0453,11309,2014,August,Friday,-7227.209600000002,-1.92,-0.64,33.32,37.07
2014-08-23,453633.474,463250.0713,13613,2014,August,Saturday,-9616.597300000023,-2.12,-0.71,33.32,37.07
2014-08-24,214392.4009,218347.7978,6424,2014,August,Sunday,-3955.3968999999925,-1.84,-0.62,33.37,37.07
2014-08-25,316404.0623,323293.3966,9493,2014,August,Monday,-6889.334299999988,-2.18,-0.73,33.33,37.07
2014-08-26,242824.5013,259860.5125,7619,2014,August,Tuesday,-17036.011200000008,-7.02,-2.24,31.87,37.07
2014-08-27,274712.2533,304334.7846,8909,2014,August,Wednesday,-29622.53130000003,-10.78,-3.33,30.84,37.07
2014-08-28,258066.1694,287168.5661,8400,2014,August,Thursday,-29102.396699999983,-11.28,-3.46,30.72,37.07
2014-08-29,594007.2132,660937.8048,19317,2014,August,Friday,-66930.59160000004,-11.27,-3.46,30.75,37.07
2014-08-30,717096.7128,797788.892,23310,2014,August,Saturday,-80692.17920000001,-11.25,-3.46,30.76,37.07
2014-08-31,358170.9963,398562.6074,11646,2014,August,Sunday,-40391.61109999998,-11.28,-3.47,30.75,37.07
2014-09-01,594953.6349,662850.9908,19366,2014,September,Monday,-67897.35590000008,-11.41,-3.51,30.72,37.07
2014-09-02,469469.941,523480.3033,15291,2014,September,Tuesday,-54010.36230000004,-11.5,-3.53,30.7,37.07
2014-09-03,464067.7993,517180.5433,15100,2014,September,Wednesday,-53112.744000000006,-11.45,-3.52,30.73,37.07
2014-09-04,312311.954,348177.1205,10164,2014,September,Thursday,-35865.16649999999,-11.48,-3.53,30.73,37.07
2014-09-05,501279.0004,558766.6903,16310,2014,September,Friday,-57487.6899,-11.47,-3.52,30.73,37.07
2014-09-06,552703.9038,616169.8514,17985,2014,September,Saturday,-63465.94760000007,-11.48,-3.53,30.73,37.07
2014-09-07,234153.7622,261088.3864,7620,2014,September,Sunday,-26934.62419999999,-11.5,-3.53,30.73,37.07
2014-09-08,244481.4977,272633.3998,7958,2014,September,Monday,-28151.902100000007,-11.51,-3.54,30.72,37.07
2014-09-09,122749.6353,120070.9502,3503,2014,September,Tuesday,2678.685099999988,2.18,0.76,35.04,37.07
2014-09-10,78736.40284,77071.54271,2247,2014,September,Wednesday,1664.860130000001,2.11,0.74,35.04,37.07
2014-09-11,70875.11067,69489.36085,2023,2014,September,Thursday,1385.7498199999973,1.96,0.68,35.03,37.07
2014-09-12,148634.3914,145956.1397,4242,2014,September,Friday,2678.2516999999934,1.8,0.63,35.04,37.07
2014-09-13,171724.8288,168652.2036,4901,2014,September,Saturday,3072.6251999999804,1.79,0.63,35.04,37.07
2014-09-14,86435.69883,84948.37458,2467,2014,September,Sunday,1487.3242499999906,1.72,0.6,35.04,37.07
2014-09-15,120236.1827,118094.0432,3432,2014,September,Monday,2142.139500000005,1.78,0.62,35.03,37.07
2014-09-16,83204.19669,81753.42459,2375,2014,September,Tuesday,1450.772100000002,1.74,0.61,35.03,37.07
2014-09-17,73768.03473,72471.91932,2105,2014,September,Wednesday,1296.1154099999985,1.76,0.62,35.04,37.07
2014-09-18,69425.44512,68280.38328,1982,2014,September,Thursday,1145.0618400000094,1.65,0.58,35.03,37.07
2014-09-19,137154.9541,135276.9096,3915,2014,September,Friday,1878.044499999989,1.37,0.48,35.03,37.07
2014-09-20,153569.0619,151376.1356,4383,2014,September,Saturday,2192.926299999992,1.43,0.5,35.04,37.07
2014-09-21,75633.32059,74546.66825,2159,2014,September,Sunday,1086.6523400000005,1.44,0.5,35.03,37.07
2014-09-22,90815.92981,89653.63759,2592,2014,September,Monday,1162.292220000003,1.28,0.45,35.04,37.07
2014-09-23,110118.1564,108880.409,3143,2014,September,Tuesday,1237.7474000000075,1.12,0.39,35.04,37.07
2014-09-24,209908.3831,223554.0866,6457,2014,September,Wednesday,-13645.703500000003,-6.5,-2.11,32.51,37.07
2014-09-25,358365.683,382967.9832,11039,2014,September,Thursday,-24602.300199999998,-6.87,-2.23,32.46,37.07
2014-09-26,585463.996,625980.9302,18036,2014,September,Friday,-40516.9341999999,-6.92,-2.25,32.46,37.07
2014-09-27,617019.0915,661010.5913,19017,2014,September,Saturday,-43991.49979999999,-7.13,-2.31,32.45,37.07
2014-09-28,283850.5971,304440.6515,8747,2014,September,Sunday,-20590.054399999965,-7.25,-2.35,32.45,37.07
2014-09-29,264317.1104,283912.9687,8147,2014,September,Monday,-19595.85830000002,-7.41,-2.41,32.44,37.07
2014-09-30,358024.9813,384823.4399,11036,2014,September,Tuesday,-26798.458600000013,-7.49,-2.43,32.44,37.07
2014-10-01,594438.2808,639306.5688,18330,2014,October,Wednesday,-44868.28800000006,-7.55,-2.45,32.43,37.07
2014-10-02,470507.663,506072.0333,14503,2014,October,Thursday,-35564.37030000001,-7.56,-2.45,32.44,37.07
2014-10-03,518693.5287,557939.3693,15986,2014,October,Friday,-39245.840599999996,-7.57,-2.46,32.45,37.07
2014-10-04,656245.8284,705891.3003,20223,2014,October,Saturday,-49645.471900000004,-7.57,-2.45,32.45,37.07
2014-10-05,280055.1177,301279.655,8631,2014,October,Sunday,-21224.537300000025,-7.58,-2.46,32.45,37.07
2014-10-06,375648.0175,404178.9211,11579,2014,October,Monday,-28530.90359999996,-7.6,-2.46,32.44,37.07
2014-10-07,78111.71646,74251.87473,2127,2014,October,Tuesday,3859.84173,4.94,1.81,36.72,37.07
2014-10-08,70509.13279,67141.97963,1923,2014,October,Wednesday,3367.1531600000017,4.78,1.75,36.67,37.07
2014-10-09,103281.311,98065.93908,2809,2014,October,Thursday,5215.371920000005,5.05,1.86,36.77,37.07
2014-10-10,179841.4318,170757.5812,4891,2014,October,Friday,9083.850600000005,5.05,1.86,36.77,37.07
2014-10-11,138038.2398,131192.3168,3758,2014,October,Saturday,6845.92300000001,4.96,1.82,36.73,37.07
2014-10-12,61037.56223,57992.34151,1661,2014,October,Sunday,3045.220720000005,4.99,1.83,36.75,37.07
2014-10-13,86799.75945,82392.33326,2360,2014,October,Monday,4407.426189999998,5.08,1.87,36.78,37.07
2014-10-14,69570.50147,66313.94098,1894,2014,October,Tuesday,3256.5604900000035,4.68,1.72,36.73,37.07
2014-10-15,130476.3553,124398.4316,3548,2014,October,Wednesday,6077.923699999999,4.66,1.71,36.77,37.07
2014-10-16,95229.77348,91087.85134,2591,2014,October,Thursday,4141.92214000001,4.35,1.6,36.75,37.07
2014-10-17,121057.8613,116949.7913,3293,2014,October,Friday,4108.070000000007,3.39,1.25,36.76,37.07
2014-10-18,169498.9164,164492.9466,4611,2014,October,Saturday,5005.969799999992,2.95,1.09,36.76,37.07
2014-10-19,90692.37588,87911.21158,2468,2014,October,Sunday,2781.164300000004,3.07,1.13,36.75,37.07
2014-10-20,101723.915,98870.81188,2773,2014,October,Monday,2853.1031199999998,2.8,1.03,36.68,37.07
2014-10-21,103395.6913,100424.1557,2815,2014,October,Tuesday,2971.535600000003,2.87,1.06,36.73,37.07
2014-10-22,99075.5991,96511.72216,2701,2014,October,Wednesday,2563.876940000002,2.59,0.95,36.68,37.07
2014-10-23,97476.14472,94763.84255,2651,2014,October,Thursday,2712.3021699999954,2.78,1.02,36.77,37.07
2014-10-24,248974.6528,241961.1432,6781,2014,October,Friday,7013.509600000019,2.82,1.03,36.72,37.07
2014-10-25,302721.6833,294129.6711,8249,2014,October,Saturday,8592.012199999997,2.84,1.04,36.7,37.07
2014-10-26,128520.7278,124739.2339,3502,2014,October,Sunday,3781.4938999999868,2.94,1.08,36.7,37.07
2014-10-27,145185.2683,140651.9372,3949,2014,October,Monday,4533.33110000001,3.12,1.15,36.77,37.07
2014-10-28,89527.55663,87067.05132,2435,2014,October,Tuesday,2460.5053100000077,2.75,1.01,36.77,37.07
2014-10-29,81991.88284,80112.54801,2232,2014,October,Wednesday,1879.334830000007,2.29,0.84,36.73,37.07
2014-10-30,69704.49111,68293.09639,1898,2014,October,Thursday,1411.3947199999966,2.02,0.74,36.73,37.07
2014-10-31,166652.3948,163319.7165,4537,2014,October,Friday,3332.6782999999996,2,0.73,36.73,37.07
2014-11-01,247453.1022,242638.8012,6730,2014,November,Saturday,4814.301000000007,1.95,0.72,36.77,37.07
2014-11-02,148476.1812,145646.3368,4038,2014,November,Sunday,2829.8444000000018,1.91,0.7,36.77,37.07
2014-11-03,205368.9226,201281.239,5581,2014,November,Monday,4087.6835999999894,1.99,0.73,36.8,37.07
2014-11-04,99244.68185,90949.44225,2519,2014,November,Tuesday,8295.2396,8.36,3.29,39.4,37.07
2014-11-05,72756.8631,67872.77433,1847,2014,November,Wednesday,4884.088770000002,6.71,2.64,39.39,37.07
2014-11-06,86867.45808,84486.08609,2309,2014,November,Thursday,2381.3719899999996,2.74,1.03,37.62,37.07
2014-11-07,140167.8039,136539.2033,3722,2014,November,Friday,3628.600600000005,2.59,0.97,37.66,37.07
2014-11-08,160727.3028,156700.825,4268,2014,November,Saturday,4026.4777999999933,2.51,0.94,37.66,37.07
2014-11-09,74115.62878,71994.34639,1968,2014,November,Sunday,2121.282389999993,2.86,1.08,37.66,37.07
2014-11-10,76103.29152,73967.60569,2016,2014,November,Monday,2135.685830000002,2.81,1.06,37.75,37.07
2014-11-11,56303.36657,54996.86661,1497,2014,November,Tuesday,1306.499960000001,2.32,0.87,37.61,37.07
2014-11-12,49436.81586,48289.89228,1314,2014,November,Wednesday,1146.9235800000024,2.32,0.87,37.62,37.07
2014-11-13,55033.1224,53997.21887,1466,2014,November,Thursday,1035.9035300000032,1.88,0.71,37.54,37.07
2014-11-14,149808.1659,146994.8955,3984,2014,November,Friday,2813.2703999999794,1.88,0.71,37.6,37.07
2014-11-15,180685.5107,176898.2778,4802,2014,November,Saturday,3787.2329000000027,2.1,0.79,37.63,37.07
2014-11-16,75871.43677,73905.81016,2017,2014,November,Sunday,1965.6266100000066,2.59,0.97,37.62,37.07
2014-11-17,86313.33408,84418.78911,2297,2014,November,Monday,1894.5449700000026,2.19,0.82,37.58,37.07
2014-11-18,62631.79875,61158.36109,1665,2014,November,Tuesday,1473.4376600000032,2.35,0.88,37.62,37.07
2014-11-19,48529.10336,47409.55406,1291,2014,November,Wednesday,1119.5492999999988,2.31,0.87,37.59,37.07
2014-11-20,51040.88137,50038.14263,1361,2014,November,Thursday,1002.7387400000007,1.96,0.74,37.5,37.07
2014-11-21,53973.92224,47192.49828,1281,2014,November,Friday,6781.42396,12.56,5.29,42.13,37.07
2014-11-22,47497.98253,41179.08825,1122,2014,November,Saturday,6318.89428,13.3,5.63,42.33,37.07
2014-11-23,31219.95153,26893.30468,737,2014,November,Sunday,4326.646849999997,13.86,5.87,42.36,37.07
2014-11-24,26870.32387,23516.04172,641,2014,November,Monday,3354.282149999999,12.48,5.23,41.92,37.07
2014-11-25,40530.64229,35674.19076,968,2014,November,Tuesday,4856.451530000006,11.98,5.02,41.87,37.07
2014-11-26,30371.43134,26054.84917,709,2014,November,Wednesday,4316.582169999998,14.21,6.09,42.84,37.07
2014-11-27,37776.65877,32719.68964,880,2014,November,Thursday,5056.969130000001,13.39,5.75,42.93,37.07
2014-11-28,46818.20532,40652.57641,1096,2014,November,Friday,6165.628909999999,13.17,5.63,42.72,37.07
2014-11-29,88321.62555,79880.24368,2068,2014,November,Saturday,8441.381869999997,9.56,4.08,42.71,37.07
2014-11-30,101037.8278,93177.8847,2375,2014,November,Sunday,7859.943100000004,7.78,3.31,42.54,37.07
2014-12-01,105100.6676,97257.39467,2492,2014,December,Monday,7843.272930000006,7.46,3.15,42.18,37.07
2014-12-02,88219.52549,85533.42892,2170,2014,December,Tuesday,2686.0965699999942,3.04,1.24,40.65,37.07
2014-12-03,71590.36929,69654.93031,1784,2014,December,Wednesday,1935.4389800000063,2.7,1.08,40.13,37.07
2014-12-04,54996.62169,54503.02855,1368,2014,December,Thursday,493.5931399999972,0.9,0.36,40.2,37.07
2014-12-05,77884.18161,77619.29489,1914,2014,December,Friday,264.88671999999497,0.34,0.14,40.69,37.07
2014-12-06,150370.1167,154998.8346,3765,2014,December,Saturday,-4628.717899999989,-3.08,-1.23,39.94,37.07
2014-12-07,104675.3761,111903.7379,2712,2014,December,Sunday,-7228.361799999999,-6.91,-2.67,38.6,37.07
2014-12-08,90121.53048,91081.66819,2222,2014,December,Monday,-960.1377099999954,-1.07,-0.43,40.56,37.07
2014-12-09,75425.4437,77014.25596,1861,2014,December,Tuesday,-1588.8122599999915,-2.11,-0.85,40.53,37.07
2014-12-10,161844.8094,169348.5186,4095,2014,December,Wednesday,-7503.709200000012,-4.64,-1.83,39.52,37.07
2014-12-11,158603.357,171692.9936,4157,2014,December,Thursday,-13089.636599999998,-8.25,-3.15,38.15,37.07
2014-12-12,279092.096,301236.1099,7259,2014,December,Friday,-22144.01389999996,-7.93,-3.05,38.45,37.07
2014-12-13,369350.9895,402564.6786,9654,2014,December,Saturday,-33213.68909999996,-8.99,-3.44,38.26,37.07
2014-12-14,177500.1077,192327.3207,4632,2014,December,Sunday,-14827.213000000018,-8.35,-3.2,38.32,37.07
