Data Processing/Sales_Case_Study_processed.csv
Date,Sales,Cost Of Sales,Quantity Sold,year_number,month_name,day_name,gross_profit,gross_profit_pct,gross_profit_per_unit,unit_price,avg_unit_price
2014-12-15,282246.6287,304489.6383,7341,2014,December,Monday,-22243.00959999999,-7.88,-3.03,38.45,37.07
2014-12-16,166037.9257,179571.1291,4308,2014,December,Tuesday,-13533.203399999999,-8.15,-3.14,38.54,37.07
2014-12-17,148910.9984,161137.522,3865,2014,December,Wednesday,-12226.523599999986,-8.21,-3.16,38.53,37.07
2014-12-18,202359.1429,221435.7686,5288,2014,December,Thursday,-19076.625700000004,-9.43,-3.61,38.27,37.07
2014-12-19,274343.6543,299516.8378,7141,2014,December,Friday,-25173.183499999985,-9.18,-3.53,38.42,37.07
2014-12-20,316167.0747,346378.3048,8268,2014,December,Saturday,-30211.230099999986,-9.56,-3.65,38.24,37.07
2014-12-21,173833.4001,190644.5016,4541,2014,December,Sunday,-16811.10149999999,-9.67,-3.7,38.28,37.07
2014-12-22,204565.0818,210188.9094,5014,2014,December,Monday,-5623.82759999999,-2.75,-1.12,40.8,37.07
2014-12-23,316394.7309,326627.1384,7778,2014,December,Tuesday,-10232.407499999972,-3.23,-1.32,40.68,37.07
2014-12-24,486230.3202,495909.0896,11809,2014,December,Wednesday,-9678.76939999999,-1.99,-0.82,41.17,37.07
2014-12-25,137686.5321,140525.7867,3344,2014,December,Thursday,-2839.2545999999857,-2.06,-0.85,41.17,37.07
2014-12-26,48102.96241,49028.36507,1169,2014,December,Friday,-925.4026599999997,-1.92,-0.79,41.15,37.07
2014-12-27,110162.132,112383.5592,2676,2014,December,Saturday,-2221.4272000000055,-2.02,-0.83,41.17,37.07
2014-12-28,69051.33709,70482.7178,1677,2014,December,Sunday,-1431.3807099999976,-2.07,-0.85,41.18,37.07
2014-12-29,133307.369,136003.4825,3237,2014,December,Monday,-2696.1135000000068,-2.02,-0.83,41.18,37.07
2014-12-30,216389.5043,235723.7648,5607,2014,December,Tuesday,-19334.260500000004,-8.93,-3.45,38.59,37.07
2014-12-31,365055.312,398013.3483,9464,2014,December,Wednesday,-32958.036300000036,-9.03,-3.48,38.57,37.07
2015-01-01,112161.4196,122170.4317,2905,2015,January,Thursday,-10009.012100000007,-8.92,-3.45,38.61,37.07
2015-01-02,271101.4617,295019.4694,7023,2015,January,Friday,-23918.007700000016,-8.82,-3.41,38.6,37.07
2015-01-03,245813.2883,267734.7253,6371,2015,January,Saturday,-21921.437000000005,-8.92,-3.44,38.58,37.07
2015-01-04,178394.812,194427.448,4624,2015,January,Sunday,-16032.635999999999,-8.99,-3.47,38.58,37.07
2015-01-05,220443.6315,239988.0275,5717,2015,January,Monday,-19544.396000000008,-8.87,-3.42,38.56,37.07
2015-01-06,181534.1887,197328.9439,4705,2015,January,Tuesday,-15794.755200000014,-8.7,-3.36,38.58,37.07
2015-01-07,83176.48139,84728.8312,2020,2015,January,Wednesday,-1552.3498099999997,-1.87,-0.77,41.18,37.07
2015-01-08,76894.77935,78468.0955,1868,2015,January,Thursday,-1573.3161499999987,-2.05,-0.84,41.16,37.07
2015-01-09,123859.388,126444.1425,3008,2015,January,Friday,-2584.7544999999955,-2.09,-0.86,41.18,37.07
2015-01-10,120807.5742,123392.8041,2934,2015,January,Saturday,-2585.229899999991,-2.14,-0.88,41.18,37.07
2015-01-11,69597.36735,71051.3635,1690,2015,January,Sunday,-1453.9961500000063,-2.09,-0.86,41.18,37.07
2015-01-12,84738.29441,86467.53775,2058,2015,January,Monday,-1729.243340000001,-2.04,-0.84,41.18,37.07
2015-01-13,64653.97214,65980.42209,1570,2015,January,Tuesday,-1326.4499499999947,-2.05,-0.84,41.18,37.07
2015-01-14,59553.38603,60703.35603,1446,2015,January,Wednesday,-1149.9700000000012,-1.93,-0.8,41.18,37.07
2015-01-15,79080.75696,80337.74831,1921,2015,January,Thursday,-1256.9913499999966,-1.59,-0.65,41.17,37.07
2015-01-16,149444.0568,152030.9865,3629,2015,January,Friday,-2586.929700000008,-1.73,-0.71,41.18,37.07
2015-01-17,170624.0799,173547.0271,4144,2015,January,Saturday,-2922.947199999995,-1.71,-0.71,41.17,37.07
2015-01-18,74744.28315,76003.92825,1815,2015,January,Sunday,-1259.6450999999943,-1.69,-0.69,41.18,37.07
2015-01-19,90144.1614,91110.96935,2189,2015,January,Monday,-966.8079500000022,-1.07,-0.44,41.18,37.07
2015-01-20,97826.8088,99134.30699,2376,2015,January,Tuesday,-1307.4981899999984,-1.34,-0.55,41.17,37.07
2015-01-21,62795.97915,64144.08888,1525,2015,January,Wednesday,-1348.1097300000038,-2.15,-0.88,41.18,37.07
2015-01-22,66550.98983,67952.15055,1616,2015,January,Thursday,-1401.1607199999999,-2.11,-0.87,41.18,37.07
2015-01-23,154670.8907,158031.791,3757,2015,January,Friday,-3360.9003000000084,-2.17,-0.89,41.17,37.07
2015-01-24,158722.1056,162082.4184,3855,2015,January,Saturday,-3360.312799999985,-2.12,-0.87,41.17,37.07
2015-01-25,78092.27692,79795.0431,1897,2015,January,Sunday,-1702.7661799999914,-2.18,-0.9,41.17,37.07
2015-01-26,91830.40204,93808.08675,2230,2015,January,Monday,-1977.6847100000014,-2.15,-0.89,41.18,37.07
2015-01-27,76992.93568,78614.45775,1870,2015,January,Tuesday,-1621.5220700000064,-2.11,-0.87,41.17,37.07
2015-01-28,59897.71588,61194.18026,1455,2015,January,Wednesday,-1296.4643799999976,-2.16,-0.89,41.17,37.07
2015-01-29,57310.19404,58531.41099,1392,2015,January,Thursday,-1221.2169499999945,-2.13,-0.88,41.17,37.07
2015-01-30,134540.2145,137221.5375,3268,2015,January,Friday,-2681.323000000004,-1.99,-0.82,41.17,37.07
2015-01-31,200193.612,203814.7364,4862,2015,January,Saturday,-3621.1244000000006,-1.81,-0.74,41.18,37.07
2015-02-01,171469.9305,174652.458,4165,2015,February,Sunday,-3182.5275000000256,-1.86,-0.76,41.17,37.07
2015-02-02,151737.2188,154148.5988,3685,2015,February,Monday,-2411.3800000000047,-1.59,-0.65,41.18,37.07
2015-02-03,102072.4434,103634.9642,2479,2015,February,Tuesday,-1562.5207999999984,-1.53,-0.63,41.17,37.07
2015-02-04,82514.10512,83232.39137,2005,2015,February,Wednesday,-718.2862500000047,-0.87,-0.36,41.15,37.07
2015-02-05,46211.33246,46407.29912,1122,2015,February,Thursday,-195.9666600000055,-0.42,-0.17,41.19,37.07
2015-02-06,85730.41481,85765.70934,2082,2015,February,Friday,-35.29452999999921,-0.04,-0.02,41.18,37.07
2015-02-07,105918.2933,105662.5562,2573,2015,February,Saturday,255.73709999999846,0.24,0.1,41.17,37.07
2015-02-08,73041.66087,73046.2339,1774,2015,February,Sunday,-4.573029999999562,-0.01,0,41.17,37.07
2015-02-09,97908.5471,97097.93659,2378,2015,February,Monday,810.6105099999986,0.83,0.34,41.17,37.07
2015-02-10,138667.4159,148522.849,3677,2015,February,Tuesday,-9855.433099999995,-7.11,-2.68,37.71,37.07
2015-02-11,162162.1035,173661.8278,4299,2015,February,Wednesday,-11499.724300000002,-7.09,-2.67,37.72,37.07
2015-02-12,138520.1268,147756.3428,3674,2015,February,Thursday,-9236.216000000015,-6.67,-2.51,37.7,37.07
2015-02-13,358597.4285,382447.0804,9505,2015,February,Friday,-23849.651899999997,-6.65,-2.51,37.73,37.07
2015-02-14,424009.8825,451548.0276,11237,2015,February,Saturday,-27538.145099999965,-6.49,-2.45,37.73,37.07
2015-02-15,203861.4724,217065.6152,5406,2015,February,Sunday,-13204.142800000001,-6.48,-2.44,37.71,37.07
2015-02-16,220506.2093,234723.22,5846,2015,February,Monday,-14217.010700000013,-6.45,-2.43,37.72,37.07
2015-02-17,139935.937,148697.5437,3713,2015,February,Tuesday,-8761.606700000004,-6.26,-2.36,37.69,37.07
2015-02-18,161064.7523,170739.3666,4270,2015,February,Wednesday,-9674.614300000016,-6.01,-2.27,37.72,37.07
2015-02-19,144328.5452,152824.1149,3827,2015,February,Thursday,-8495.569699999993,-5.89,-2.22,37.71,37.07
2015-02-20,293071.7592,310240.3784,7770,2015,February,Friday,-17168.619200000016,-5.86,-2.21,37.72,37.07
2015-02-21,267782.154,283430.3368,7102,2015,February,Saturday,-15648.18280000001,-5.84,-2.2,37.71,37.07
2015-02-22,136052.6884,144020.1228,3608,2015,February,Sunday,-7967.434399999998,-5.86,-2.21,37.71,37.07
2015-02-23,86703.31409,85730.96654,2150,2015,February,Monday,972.3475500000059,1.12,0.45,40.33,37.07
2015-02-24,95474.35737,100867.5241,2530,2015,February,Tuesday,-5393.166729999997,-5.65,-2.13,37.74,37.07
2015-02-25,198431.6275,209499.7941,5253,2015,February,Wednesday,-11068.166599999997,-5.58,-2.11,37.77,37.07
2015-02-26,157291.734,166305.0376,4171,2015,February,Thursday,-9013.303600000014,-5.73,-2.16,37.71,37.07
2015-02-27,307540.6752,324997.3365,8156,2015,February,Friday,-17456.661299999978,-5.68,-2.14,37.71,37.07
2015-02-28,350898.7635,375030.6355,9296,2015,February,Saturday,-24131.871999999974,-6.88,-2.6,37.75,37.07
2015-03-01,256701.5427,276569.2504,6803,2015,March,Sunday,-19867.707700000028,-7.74,-2.92,37.73,37.07
2015-03-02,234705.5928,252709.8231,6221,2015,March,Monday,-18004.230299999996,-7.67,-2.89,37.73,37.07
2015-03-03,249380.5654,268761.8324,6611,2015,March,Tuesday,-19381.26700000002,-7.77,-2.93,37.72,37.07
2015-03-04,258211.4442,278825.6067,6843,2015,March,Wednesday,-20614.162500000006,-7.98,-3.01,37.73,37.07
2015-03-05,145975.8339,157578.0059,3858,2015,March,Thursday,-11602.171999999991,-7.95,-3.01,37.84,37.07
2015-03-06,269239.8526,291365.0176,7128,2015,March,Friday,-22125.165000000037,-8.22,-3.1,37.77,37.07
2015-03-07,306920.2116,332242.4116,8127,2015,March,Saturday,-25322.20000000001,-8.25,-3.12,37.77,37.07
2015-03-08,122106.7956,121394.8122,2966,2015,March,Sunday,711.9833999999973,0.58,0.24,41.17,37.07
2015-03-09,117661.2808,116861.1583,2858,2015,March,Monday,800.1224999999977,0.68,0.28,41.17,37.07
2015-03-10,62499.79917,62073.87265,1518,2015,March,Tuesday,425.9265200000009,0.68,0.28,41.17,37.07
2015-03-11,57063.98412,56638.28137,1386,2015,March,Wednesday,425.702750000004,0.75,0.31,41.17,37.07
2015-03-12,48008.48284,47681.67208,1166,2015,March,Thursday,326.8107600000003,0.68,0.28,41.17,37.07
2015-03-13,117446.8391,116681.1416,2853,2015,March,Friday,765.6974999999948,0.65,0.27,41.17,37.07
2015-03-14,150591.5479,149573.8276,3657,2015,March,Saturday,1017.7203000000154,0.68,0.28,41.18,37.07
2015-03-15,67152.47495,66802.98322,1631,2015,March,Sunday,349.49173000000883,0.52,0.21,41.17,37.07
2015-03-16,80635.28925,80121.29052,1959,2015,March,Monday,513.9987300000066,0.64,0.26,41.16,37.07
2015-03-17,50669.6371,50308.95705,1230,2015,March,Tuesday,360.68005000000267,0.71,0.29,41.19,37.07
2015-03-18,48648.99266,48362.06879,1182,2015,March,Wednesday,286.923870000006,0.59,0.24,41.16,37.07
2015-03-19,43213.17762,42981.21685,1050,2015,March,Thursday,231.96077000000514,0.54,0.22,41.16,37.07
2015-03-20,96881.01809,96453.28728,2353,2015,March,Friday,427.73080999999365,0.44,0.18,41.17,37.07
2015-03-21,121360.8851,120829.288,2947,2015,March,Saturday,531.597099999999,0.44,0.18,41.18,37.07
2015-03-22,66954.36637,66756.37644,1626,2015,March,Sunday,197.98993000001065,0.3,0.12,41.18,37.07
2015-03-23,81342.15076,81132.0129,1976,2015,March,Monday,210.13786000000255,0.26,0.11,41.17,37.07
2015-03-24,125060.7079,136375.1527,3312,2015,March,Tuesday,-11314.444800000012,-9.05,-3.42,37.76,37.07
2015-03-25,253218.8312,276194.8295,6704,2015,March,Wednesday,-22975.998300000007,-9.07,-3.43,37.77,37.07
2015-03-26,229184.4719,250361.1502,6077,2015,March,Thursday,-21176.6783,-9.24,-3.48,37.71,37.07
2015-03-27,354191.351,386464.6513,9386,2015,March,Friday,-32273.300300000003,-9.11,-3.44,37.74,37.07
2015-03-28,459484.6666,501362.5725,12181,2015,March,Saturday,-41877.90590000001,-9.11,-3.44,37.72,37.07
2015-03-29,224102.8885,244359.8075,5937,2015,March,Sunday,-20256.918999999994,-9.04,-3.41,37.75,37.07
2015-03-30,215203.5588,234819.4474,5706,2015,March,Monday,-19615.888600000006,-9.12,-3.44,37.72,37.07
2015-03-31,355534.912,386988.9147,9421,2015,March,Tuesday,-31454.002700000012,-8.85,-3.34,37.74,37.07
2015-04-01,498894.3439,542483.8358,13207,2015,April,Wednesday,-43589.49190000002,-8.74,-3.3,37.77,37.07
2015-04-02,715032.1899,777522.1928,18936,2015,April,Thursday,-62490.00289999996,-8.74,-3.3,37.76,37.07
2015-04-03,510289.2156,554159.8194,13503,2015,April,Friday,-43870.60380000004,-8.6,-3.25,37.79,37.07
2015-04-04,400302.0395,434872.7289,10600,2015,April,Saturday,-34570.689399999974,-8.64,-3.26,37.76,37.07
2015-04-05,135578.2034,147335.9251,3591,2015,April,Sunday,-11757.721699999995,-8.67,-3.27,37.75,37.07
2015-04-06,182466.2552,198405.2291,4836,2015,April,Monday,-15938.973899999983,-8.74,-3.3,37.73,37.07
2015-04-07,176814.2026,178390.1491,4348,2015,April,Tuesday,-1575.94650000002,-0.89,-0.36,40.67,37.07
2015-04-08,100917.6716,100579.1289,2451,2015,April,Wednesday,338.5427000000054,0.34,0.14,41.17,37.07
2015-04-09,74690.67273,74427.58597,1814,2015,April,Thursday,263.0867600000056,0.35,0.15,41.17,37.07
2015-04-10,114067.0771,113653.9736,2770,2015,April,Friday,413.10349999999744,0.36,0.15,41.18,37.07
2015-04-11,126507.8009,126043.7692,3072,2015,April,Saturday,464.0317000000068,0.37,0.15,41.18,37.07
2015-04-12,79648.62939,79349.40245,1934,2015,April,Sunday,299.22694000000774,0.38,0.15,41.18,37.07
2015-04-13,83137.43243,82700.35417,2019,2015,April,Monday,437.07825999999477,0.53,0.22,41.18,37.07
2015-04-14,40776.02706,39940.19958,979,2015,April,Tuesday,835.8274799999999,2.05,0.85,41.65,37.07
2015-04-15,58278.45793,56969.92259,1398,2015,April,Wednesday,1308.535339999995,2.25,0.94,41.69,37.07
2015-04-16,50000.10144,48827.88538,1198,2015,April,Thursday,1172.2160599999988,2.34,0.98,41.74,37.07
2015-04-17,103911.9191,101408.9496,2485,2015,April,Friday,2502.969499999992,2.41,1.01,41.82,37.07
2015-04-18,132843.2226,129545.5321,3172,2015,April,Saturday,3297.6905000000115,2.48,1.04,41.88,37.07
2015-04-19,62786.61128,61213.25591,1497,2015,April,Sunday,1573.3553699999975,2.51,1.05,41.94,37.07
2015-04-20,57233.40664,55706.87543,1365,2015,April,Monday,1526.531210000001,2.67,1.12,41.93,37.07
2015-04-21,56874.34546,55172.17123,1353,2015,April,Tuesday,1702.174229999997,2.99,1.26,42.04,37.07
2015-04-22,132737.737,140263.9301,3439,2015,April,Wednesday,-7526.193100000004,-5.67,-2.19,38.6,37.07
2015-04-23,60310.33895,58446.05493,1434,2015,April,Thursday,1864.2840199999991,3.09,1.3,42.06,37.07
2015-04-24,343587.0085,362390.596,8892,2015,April,Friday,-18803.587500000023,-5.47,-2.11,38.64,37.07
2015-04-25,496882.315,535306.0099,13144,2015,April,Saturday,-38423.694899999944,-7.73,-2.92,37.8,37.07
2015-04-26,200369.8299,210964.7681,5179,2015,April,Sunday,-10594.938199999975,-5.29,-2.05,38.69,37.07
2015-04-27,194028.0618,204053.4989,5014,2015,April,Monday,-10025.43710000001,-5.17,-2,38.7,37.07
2015-04-28,190560.5792,200804.0368,4936,2015,April,Tuesday,-10243.457599999994,-5.38,-2.08,38.61,37.07
2015-04-29,198985.3996,209483.8758,5150,2015,April,Wednesday,-10498.476200000005,-5.28,-2.04,38.64,37.07
2015-04-30,385482.872,406252.0076,9986,2015,April,Thursday,-20769.135600000038,-5.39,-2.08,38.6,37.07
2015-05-01,499703.4147,526206.9372,12937,2015,May,Friday,-26503.52250000002,-5.3,-2.05,38.63,37.07
2015-05-02,461667.0039,496852.802,12217,2015,May,Saturday,-35185.798100000015,-7.62,-2.88,37.79,37.07
2015-05-03,259541.6087,273280.0464,6721,2015,May,Sunday,-13738.43769999998,-5.29,-2.04,38.62,37.07
2015-05-04,320309.2744,336742.6024,8283,2015,May,Monday,-16433.32799999998,-5.13,-1.98,38.67,37.07
2015-05-05,239922.9982,251700.9664,6191,2015,May,Tuesday,-11777.968200000003,-4.91,-1.9,38.75,37.07
2015-05-06,224994.1951,242259.8595,5959,2015,May,Wednesday,-17265.66439999998,-7.67,-2.9,37.76,37.07
2015-05-07,117197.9717,115769.0863,2848,2015,May,Thursday,1428.8853999999992,1.22,0.5,41.15,37.07
2015-05-08,330589.1998,355565.0417,8748,2015,May,Friday,-24975.8419,-7.55,-2.86,37.79,37.07
2015-05-09,389972.1198,419827.1365,10329,2015,May,Saturday,-29855.016700000037,-7.66,-2.89,37.76,37.07
2015-05-10,166536.0003,179243.0518,4410,2015,May,Sunday,-12707.051499999972,-7.63,-2.88,37.76,37.07
2015-05-11,198442.9127,213676.4284,5257,2015,May,Monday,-15233.515700000018,-7.68,-2.9,37.75,37.07
2015-05-12,193182.1506,208039.1734,5118,2015,May,Tuesday,-14857.022800000006,-7.69,-2.9,37.75,37.07
2015-05-13,166403.127,179221.5723,4410,2015,May,Wednesday,-12818.445299999992,-7.7,-2.91,37.73,37.07
2015-05-14,149178.6015,160620.2071,3952,2015,May,Thursday,-11441.60560000001,-7.67,-2.9,37.75,37.07
2015-05-15,380592.5776,409812.4327,10084,2015,May,Friday,-29219.855099999986,-7.68,-2.9,37.74,37.07
2015-05-16,413700.1789,445569.7191,10964,2015,May,Saturday,-31869.54019999999,-7.7,-2.91,37.73,37.07
2015-05-17,177159.6731,190811.5779,4695,2015,May,Sunday,-13651.90479999999,-7.71,-2.91,37.73,37.07
2015-05-18,196420.7635,211510.7861,5205,2015,May,Monday,-15090.022599999997,-7.68,-2.9,37.74,37.07
2015-05-19,137940.8722,147846.0522,3638,2015,May,Tuesday,-9905.179999999993,-7.18,-2.72,37.92,37.07
2015-05-20,166176.2838,178568.1805,4394,2015,May,Wednesday,-12391.896699999983,-7.46,-2.82,37.82,37.07
2015-05-21,84604.37757,81763.26739,2012,2015,May,Thursday,2841.1101800000033,3.36,1.41,42.05,37.07
2015-05-22,321821.0203,346487.5203,8526,2015,May,Friday,-24666.5,-7.66,-2.89,37.75,37.07
2015-05-23,418715.4106,450936.2793,11096,2015,May,Saturday,-32220.86869999999,-7.7,-2.9,37.74,37.07
2015-05-24,169541.2659,182419.1414,4489,2015,May,Sunday,-12877.875499999995,-7.6,-2.87,37.77,37.07
2015-05-25,256434.5099,276173.7925,6795,2015,May,Monday,-19739.282599999977,-7.7,-2.9,37.74,37.07
2015-05-26,199385.9124,214719.7528,5283,2015,May,Tuesday,-15333.840399999986,-7.69,-2.9,37.74,37.07
2015-05-27,243554.2243,262251.0801,6453,2015,May,Wednesday,-18696.85580000002,-7.68,-2.9,37.74,37.07
2015-05-28,217746.0129,234483.417,5770,2015,May,Thursday,-16737.404099999985,-7.69,-2.9,37.74,37.07
2015-05-29,472160.7521,508265.147,12507,2015,May,Friday,-36104.394900000014,-7.65,-2.89,37.75,37.07
2015-05-30,546135.4624,588250.1812,14475,2015,May,Saturday,-42114.71880000003,-7.71,-2.91,37.73,37.07
2015-05-31,264637.3653,284828.6597,7009,2015,May,Sunday,-20191.294400000013,-7.63,-2.88,37.76,37.07
2015-06-01,440905.9987,474967.3276,11688,2015,June,Monday,-34061.32890000002,-7.73,-2.91,37.72,37.07
2015-06-02,334318.8978,360168.8271,8863,2015,June,Tuesday,-25849.929300000018,-7.73,-2.92,37.72,37.07
2015-06-03,269835.8286,290492.1063,7148,2015,June,Wednesday,-20656.277699999977,-7.66,-2.89,37.75,37.07
2015-06-04,201146.4893,216428.5004,5326,2015,June,Thursday,-15282.011100000003,-7.6,-2.87,37.77,37.07
2015-06-05,293461.0839,315937.8622,7775,2015,June,Friday,-22476.778299999947,-7.66,-2.89,37.74,37.07
2015-06-06,349413.0098,376094.7218,9255,2015,June,Saturday,-26681.712,-7.64,-2.88,37.75,37.07
