Data Processing/Sales_Case_Study_processed.csv
Date,Sales,Cost Of Sales,Quantity Sold,year_number,month_name,day_name,gross_profit,gross_profit_pct,gross_profit_per_unit,unit_price,avg_unit_price
2015-11-27,375876.0134,431325.6867,11257,2015,November,Friday,-55449.673300000024,-14.75,-4.93,33.39,37.07
2015-11-28,434639.659,498895.6186,13019,2015,November,Saturday,-64255.9596,-14.78,-4.94,33.39,37.07
2015-11-29,238637.8164,274093.578,7139,2015,November,Sunday,-35455.76159999997,-14.86,-4.97,33.43,37.07
2015-11-30,260653.667,283981.1507,7423,2015,November,Monday,-23327.48370000001,-8.95,-3.14,35.11,37.07
2015-12-01,262394.78,285838.5568,7474,2015,December,Tuesday,-23443.776799999992,-8.93,-3.14,35.11,37.07
2015-12-02,248437.7113,269807.6204,7056,2015,December,Wednesday,-21369.90910000002,-8.6,-3.03,35.21,37.07
2015-12-03,201048.8305,219110.3932,5732,2015,December,Thursday,-18061.56269999998,-8.98,-3.15,35.07,37.07
2015-12-04,317690.7609,345449.5299,9038,2015,December,Friday,-27758.76900000003,-8.74,-3.07,35.15,37.07
2015-12-05,378527.8726,410385.037,10737,2015,December,Saturday,-31857.16440000001,-8.42,-2.97,35.25,37.07
2015-12-06,195425.3911,210461.3862,5505,2015,December,Sunday,-15035.9951,-7.69,-2.73,35.5,37.07
2015-12-07,90441.60337,83999.59125,2198,2015,December,Monday,6442.012119999999,7.12,2.93,41.15,37.07
2015-12-08,117649.0006,121640.3798,3190,2015,December,Tuesday,-3991.3791999999958,-3.39,-1.25,36.88,37.07
2015-12-09,141285.3955,145443.0466,3814,2015,December,Wednesday,-4157.651099999988,-2.94,-1.09,37.04,37.07
2015-12-10,133183.6937,137725.8761,3610,2015,December,Thursday,-4542.182399999991,-3.41,-1.26,36.89,37.07
2015-12-11,229672.2563,237672.0164,6227,2015,December,Friday,-7999.760099999985,-3.48,-1.28,36.88,37.07
2015-12-12,333488.7979,359621.0749,9422,2015,December,Saturday,-26132.277000000002,-7.84,-2.77,35.39,37.07
2015-12-13,185422.8856,191390.4013,5014,2015,December,Sunday,-5967.515699999989,-3.22,-1.19,36.98,37.07
2015-12-14,173833.1332,179871.0533,4715,2015,December,Monday,-6037.920099999988,-3.47,-1.28,36.87,37.07
2015-12-15,220271.7214,237123.3433,6212,2015,December,Tuesday,-16851.6219,-7.65,-2.71,35.46,37.07
2015-12-16,234468.0712,251493.9089,6585,2015,December,Wednesday,-17025.837700000004,-7.26,-2.59,35.61,37.07
2015-12-17,213778.1381,230994.3552,6051,2015,December,Thursday,-17216.21709999998,-8.05,-2.85,35.33,37.07
2015-12-18,273563.0148,295854.5523,7750,2015,December,Friday,-22291.537499999977,-8.15,-2.88,35.3,37.07
2015-12-19,337506.7884,362223.1609,9490,2015,December,Saturday,-24716.372499999998,-7.32,-2.6,35.56,37.07
2015-12-20,155312.7839,167421.9737,4382,2015,December,Sunday,-12109.189799999993,-7.8,-2.76,35.44,37.07
2015-12-21,289243.3831,312784.9743,8196,2015,December,Monday,-23541.591200000024,-8.14,-2.87,35.29,37.07
2015-12-22,313125.3325,338299.6178,8863,2015,December,Tuesday,-25174.28529999999,-8.04,-2.84,35.33,37.07
2015-12-23,268330.3927,249584.2152,6534,2015,December,Wednesday,18746.17750000002,6.99,2.87,41.07,37.07
2015-12-24,392228.138,364396.1942,9540,2015,December,Thursday,27831.94379999995,7.1,2.92,41.11,37.07
2015-12-25,133728.9837,124363.5573,3256,2015,December,Friday,9365.426400000011,7,2.88,41.07,37.07
2015-12-26,82778.44405,76876.4927,2013,2015,December,Saturday,5901.951350000003,7.13,2.93,41.12,37.07
2015-12-27,69522.83697,64616.07665,1692,2015,December,Sunday,4906.760320000001,7.06,2.9,41.09,37.07
2015-12-28,133021.2728,123500.7878,3234,2015,December,Monday,9520.485,7.16,2.94,41.13,37.07
2015-12-29,161267.5206,175378.1459,4592,2015,December,Tuesday,-14110.625300000014,-8.75,-3.07,35.12,37.07
2015-12-30,208583.218,227060.2627,5945,2015,December,Wednesday,-18477.0447,-8.86,-3.11,35.09,37.07
2015-12-31,325457.525,353929.7384,9266,2015,December,Thursday,-28472.21339999995,-8.75,-3.07,35.12,37.07
2016-01-01,111650.2398,121448.2838,3179,2016,January,Friday,-9798.044000000009,-8.78,-3.08,35.12,37.07
2016-01-02,262421.2819,285675.8457,7479,2016,January,Saturday,-23254.563800000004,-8.86,-3.11,35.09,37.07
2016-01-03,164527.5389,179308.9495,4694,2016,January,Sunday,-14781.410599999974,-8.98,-3.15,35.05,37.07
2016-01-04,274990.1465,299576.2414,7843,2016,January,Monday,-24586.094900000026,-8.94,-3.13,35.06,37.07
2016-01-05,215737.8428,234642.0857,6150,2016,January,Tuesday,-18904.242899999983,-8.76,-3.07,35.08,37.07
2016-01-06,98646.9827,91610.56,2401,2016,January,Wednesday,7036.4226999999955,7.13,2.93,41.09,37.07
2016-01-07,74401.21529,68988.86126,1808,2016,January,Thursday,5412.354029999988,7.27,2.99,41.15,37.07
2016-01-08,106592.343,99021.68292,2594,2016,January,Friday,7570.660079999987,7.1,2.92,41.09,37.07
2016-01-09,134629.6582,124963.4655,3274,2016,January,Saturday,9666.1927,7.18,2.95,41.12,37.07
2016-01-10,90773.65306,84299.28824,2207,2016,January,Sunday,6474.3648200000025,7.13,2.93,41.13,37.07
2016-01-11,121373.0682,112550.4323,2949,2016,January,Monday,8822.635899999994,7.27,2.99,41.16,37.07
2016-01-12,99445.5571,92226.5181,2417,2016,January,Tuesday,7219.039000000004,7.26,2.99,41.14,37.07
2016-01-13,67587.54693,62760.35683,1644,2016,January,Wednesday,4827.1901,7.14,2.94,41.11,37.07
2016-01-14,61685.93524,57191.43932,1499,2016,January,Thursday,4494.495920000001,7.29,3,41.15,37.07
2016-01-15,150006.9298,139244.8958,3648,2016,January,Friday,10762.034000000014,7.17,2.95,41.12,37.07
2016-01-16,191287.3535,177577.2872,4652,2016,January,Saturday,13710.066300000006,7.17,2.95,41.12,37.07
2016-01-17,92595.46084,86018.18961,2252,2016,January,Sunday,6577.2712299999985,7.1,2.92,41.12,37.07
2016-01-18,96947.05429,89961.3595,2357,2016,January,Monday,6985.694789999994,7.21,2.96,41.13,37.07
2016-01-19,70512.8945,65453.27639,1715,2016,January,Tuesday,5059.618109999996,7.18,2.95,41.12,37.07
2016-01-20,159590.4901,182351.1388,4776,2016,January,Wednesday,-22760.64869999999,-14.26,-4.77,33.42,37.07
2016-01-21,67046.27342,61894.26256,1628,2016,January,Thursday,5152.010859999995,7.68,3.16,41.18,37.07
2016-01-22,266949.2388,294322.9272,7806,2016,January,Friday,-27373.688399999985,-10.25,-3.51,34.2,37.07
2016-01-23,315272.2248,346093.067,9210,2016,January,Saturday,-30820.842199999955,-9.78,-3.35,34.23,37.07
2016-01-24,149138.9215,163505.713,4351,2016,January,Sunday,-14366.791499999992,-9.63,-3.3,34.28,37.07
2016-01-25,215171.0382,234621.5989,6278,2016,January,Monday,-19450.5607,-9.04,-3.1,34.27,37.07
2016-01-26,205197.8984,221931.5801,5992,2016,January,Tuesday,-16733.681699999986,-8.15,-2.79,34.25,37.07
2016-01-27,214452.2484,231730.2327,6265,2016,January,Wednesday,-17277.984299999982,-8.06,-2.76,34.23,37.07
2016-01-28,195767.9736,210639.8482,5723,2016,January,Thursday,-14871.87460000001,-7.6,-2.6,34.21,37.07
2016-01-29,397984.3293,437198.9296,11900,2016,January,Friday,-39214.60029999999,-9.85,-3.3,33.44,37.07
2016-01-30,512603.1035,561872.206,15345,2016,January,Saturday,-49269.10249999998,-9.61,-3.21,33.41,37.07
2016-01-31,218104.0669,238662.1921,6525,2016,January,Sunday,-20558.12519999998,-9.43,-3.15,33.43,37.07
2016-02-01,339004.3369,371177.1869,10153,2016,February,Monday,-32172.849999999977,-9.49,-3.17,33.39,37.07
2016-02-02,278116.3693,295645.6291,8116,2016,February,Tuesday,-17529.2598,-6.3,-2.16,34.27,37.07
2016-02-03,264159.3006,280392.2736,7712,2016,February,Wednesday,-16232.972999999998,-6.15,-2.1,34.25,37.07
2016-02-04,197778.1337,209372.2922,5759,2016,February,Thursday,-11594.15849999999,-5.86,-2.01,34.34,37.07
2016-02-05,325749.0089,345287.8115,9501,2016,February,Friday,-19538.802599999995,-6,-2.06,34.29,37.07
2016-02-06,371561.9764,393884.433,10840,2016,February,Saturday,-22322.456600000034,-6.01,-2.06,34.28,37.07
2016-02-07,174581.6768,185040.8173,5089,2016,February,Sunday,-10459.140500000009,-5.99,-2.06,34.31,37.07
2016-02-08,208489.3694,221372.8369,6087,2016,February,Monday,-12883.467499999999,-6.18,-2.12,34.25,37.07
2016-02-09,84495.16667,74682.26682,2053,2016,February,Tuesday,9812.899850000002,11.61,4.78,41.16,37.07
2016-02-10,76661.25003,66379.5636,1825,2016,February,Wednesday,10281.686430000002,13.41,5.63,42.01,37.07
2016-02-11,64034.94046,55491.33853,1525,2016,February,Thursday,8543.601929999997,13.34,5.6,41.99,37.07
2016-02-12,148839.9749,129583.4921,3542,2016,February,Friday,19256.482799999998,12.94,5.44,42.02,37.07
2016-02-13,172541.5079,150538.9837,4105,2016,February,Saturday,22002.524199999985,12.75,5.36,42.03,37.07
2016-02-14,87991.663,76378.50464,2094,2016,February,Sunday,11613.158360000001,13.2,5.55,42.02,37.07
2016-02-15,123445.3816,108669.2254,2940,2016,February,Monday,14776.156199999998,11.97,5.03,41.99,37.07
2016-02-16,77344.69187,68269.24884,1841,2016,February,Tuesday,9075.443029999995,11.73,4.93,42.01,37.07
2016-02-17,158963.0249,167521.5259,4529,2016,February,Wednesday,-8558.501000000018,-5.38,-1.89,35.1,37.07
2016-02-18,69598.07115,61492.96831,1658,2016,February,Thursday,8105.102840000007,11.65,4.89,41.98,37.07
2016-02-19,161275.6022,143446.3583,3841,2016,February,Friday,17829.2439,11.06,4.64,41.99,37.07
2016-02-20,325215.0768,345446.0018,9260,2016,February,Saturday,-20230.925000000047,-6.22,-2.18,35.12,37.07
2016-02-21,96957.29584,86455.49438,2308,2016,February,Sunday,10501.801460000002,10.83,4.55,42.01,37.07
2016-02-22,85224.47709,75960.71802,2028,2016,February,Monday,9263.75907,10.87,4.57,42.02,37.07
2016-02-23,54612.87884,49071.80254,1301,2016,February,Tuesday,5541.076300000001,10.15,4.26,41.98,37.07
2016-02-24,81530.61238,81738.05644,2213,2016,February,Wednesday,-207.44405999999435,-0.25,-0.09,36.84,37.07
2016-02-25,160947.5326,162597.4968,4404,2016,February,Thursday,-1649.9641999999876,-1.03,-0.37,36.55,37.07
2016-02-26,188736.2474,183103.2337,4935,2016,February,Friday,5633.013699999981,2.98,1.14,38.24,37.07
2016-02-27,215951.5079,210032.7881,5609,2016,February,Saturday,5918.719799999992,2.74,1.06,38.5,37.07
2016-02-28,134995.8545,129938.7058,3452,2016,February,Sunday,5057.148699999991,3.75,1.46,39.11,37.07
2016-02-29,163079.378,160332.5894,4270,2016,February,Monday,2746.7886,1.68,0.64,38.19,37.07
2016-03-01,180828.6741,182962.337,4719,2016,March,Tuesday,-2133.6628999999957,-1.18,-0.45,38.32,37.07
2016-03-02,171196.1752,174428.6809,4451,2016,March,Wednesday,-3232.505700000009,-1.89,-0.73,38.46,37.07
2016-03-03,129719.0505,131961.9325,3364,2016,March,Thursday,-2242.881999999998,-1.73,-0.67,38.56,37.07
2016-03-04,142127.6421,144039.4137,3665,2016,March,Friday,-1911.7716000000073,-1.35,-0.52,38.78,37.07
2016-03-05,152124.4079,153377.512,3889,2016,March,Saturday,-1253.1040999999968,-0.82,-0.32,39.12,37.07
2016-03-06,74132.78702,74332.27948,1882,2016,March,Sunday,-199.49245999999403,-0.27,-0.11,39.39,37.07
2016-03-07,91143.02861,95167.52873,2405,2016,March,Monday,-4024.5001200000115,-4.42,-1.67,37.9,37.07
2016-03-08,60528.09336,62342.88117,1577,2016,March,Tuesday,-1814.7878100000016,-3,-1.15,38.38,37.07
2016-03-09,38340.59961,35918.33515,913,2016,March,Wednesday,2422.2644599999985,6.32,2.65,41.99,37.07
2016-03-10,37453.00618,35108.20011,892,2016,March,Thursday,2344.8060699999987,6.26,2.63,41.99,37.07
2016-03-11,77997.04501,73051.67554,1855,2016,March,Friday,4945.369470000005,6.34,2.67,42.05,37.07
2016-03-12,79752.28268,74962.8164,1897,2016,March,Saturday,4789.466280000008,6.01,2.52,42.04,37.07
2016-03-13,37155.58848,34962.8305,883,2016,March,Sunday,2192.757980000002,5.9,2.48,42.08,37.07
2016-03-14,45046.51321,42368.04535,1071,2016,March,Monday,2678.467859999997,5.95,2.5,42.06,37.07
2016-03-15,55489.33276,52263.05699,1320,2016,March,Tuesday,3226.27577,5.81,2.44,42.04,37.07
2016-03-16,41893.30316,39495.4559,997,2016,March,Wednesday,2397.8472600000023,5.72,2.41,42.02,37.07
2016-03-17,34348.50419,32292.8376,817,2016,March,Thursday,2055.6665900000007,5.98,2.52,42.04,37.07
2016-03-18,78276.83122,73746.75871,1866,2016,March,Friday,4530.072509999998,5.79,2.43,41.95,37.07
2016-03-19,92851.40266,87451.56618,2211,2016,March,Saturday,5399.836480000013,5.82,2.44,42,37.07
2016-03-20,54845.7893,51625.51172,1304,2016,March,Sunday,3220.2775799999945,5.87,2.47,42.06,37.07
2016-03-21,48037.7999,45187.64158,1143,2016,March,Monday,2850.158319999995,5.93,2.49,42.03,37.07
2016-03-22,65905.72326,62023.8813,1573,2016,March,Tuesday,3881.841959999998,5.89,2.47,41.9,37.07
2016-03-23,84870.0513,81472.82718,2065,2016,March,Wednesday,3397.2241200000135,4,1.65,41.1,37.07
2016-03-24,262459.5057,259298.4566,6588,2016,March,Thursday,3161.0490999999747,1.2,0.48,39.84,37.07
2016-03-25,228124.398,222208.3504,5652,2016,March,Friday,5916.047599999991,2.59,1.05,40.36,37.07
2016-03-26,162929.4921,161434.8151,4103,2016,March,Saturday,1494.676999999996,0.92,0.36,39.71,37.07
2016-03-27,58359.83218,57681.56988,1466,2016,March,Sunday,678.2622999999949,1.16,0.46,39.81,37.07
2016-03-28,85605.33192,85022.38092,2162,2016,March,Monday,582.9510000000009,0.68,0.27,39.6,37.07
2016-03-29,84836.41434,84595.21793,2155,2016,March,Tuesday,241.1964100000041,0.28,0.11,39.37,37.07
2016-03-30,64308.91422,68427.59467,1746,2016,March,Wednesday,-4118.680450000007,-6.4,-2.36,36.83,37.07
2016-03-31,131168.4855,138589.1001,3554,2016,March,Thursday,-7420.614600000001,-5.66,-2.09,36.91,37.07
2016-04-01,232410.198,245358.63,6282,2016,April,Friday,-12948.432,-5.57,-2.06,37,37.07
2016-04-02,195831.0975,205442.8281,5259,2016,April,Saturday,-9611.73060000001,-4.91,-1.83,37.24,37.07
2016-04-03,90716.54789,95543.13365,2446,2016,April,Sunday,-4826.585760000002,-5.32,-1.97,37.09,37.07
2016-04-04,131638.0196,130700.1889,3345,2016,April,Monday,937.8307000000059,0.71,0.28,39.35,37.07
2016-04-05,81910.87262,79969.51055,2048,2016,April,Tuesday,1941.3620699999883,2.37,0.95,40,37.07
2016-04-06,54821.90851,50800.00851,1303,2016,April,Wednesday,4021.9000000000015,7.34,3.09,42.07,37.07
2016-04-07,155615.4194,171592.1259,4413,2016,April,Thursday,-15976.7065,-10.27,-3.62,35.26,37.07
2016-04-08,264086.8938,291378.5798,7494,2016,April,Friday,-27291.685999999987,-10.33,-3.64,35.24,37.07
2016-04-09,272761.2975,298164.4161,7738,2016,April,Saturday,-25403.118599999987,-9.31,-3.28,35.25,37.07
2016-04-10,104689.4279,113609.3043,2958,2016,April,Sunday,-8919.876400000008,-8.52,-3.02,35.39,37.07
2016-04-11,131170.5969,142022.8126,3713,2016,April,Monday,-10852.2157,-8.27,-2.92,35.33,37.07
2016-04-12,123179.4894,132714.9602,3504,2016,April,Tuesday,-9535.470799999996,-7.74,-2.72,35.15,37.07
2016-04-13,124431.0464,132889.0569,3534,2016,April,Wednesday,-8458.01049999999,-6.8,-2.39,35.21,37.07
2016-04-14,162166.836,172225.6527,4601,2016,April,Thursday,-10058.816699999996,-6.2,-2.19,35.25,37.07
2016-04-15,354042.0232,373200.306,10045,2016,April,Friday,-19158.282799999986,-5.41,-1.91,35.25,37.07
2016-04-16,327352.2614,345338.6281,9301,2016,April,Saturday,-17986.366699999955,-5.49,-1.93,35.2,37.07
2016-04-17,164809.303,175167.4288,4678,2016,April,Sunday,-10358.12579999998,-6.28,-2.21,35.23,37.07
2016-04-18,151157.7943,159828.765,4294,2016,April,Monday,-8670.970700000005,-5.74,-2.02,35.2,37.07
2016-04-19,126895.9365,133726.2806,3606,2016,April,Tuesday,-6830.344100000002,-5.38,-1.89,35.19,37.07
2016-04-20,166395.4458,179020.5425,4838,2016,April,Wednesday,-12625.096700000024,-7.59,-2.61,34.39,37.07
2016-04-21,167796.3548,182485.0989,4914,2016,April,Thursday,-14688.74410000001,-8.75,-2.99,34.15,37.07
2016-04-22,351146.017,380098.1564,10269,2016,April,Friday,-28952.139399999985,-8.25,-2.82,34.19,37.07
2016-04-23,420738.8218,455415.3493,12317,2016,April,Saturday,-34676.527500000026,-8.24,-2.82,34.16,37.07
2016-04-24,186166.1508,202391.1787,5453,2016,April,Sunday,-16225.027899999986,-8.72,-2.98,34.14,37.07
2016-04-25,251449.5296,273255.0985,7372,2016,April,Monday,-21805.568900000013,-8.67,-2.96,34.11,37.07
2016-04-26,280321.8107,302469.832,8211,2016,April,Tuesday,-22148.021300000022,-7.9,-2.7,34.14,37.07
2016-04-27,313434.9333,337931.117,9182,2016,April,Wednesday,-24496.183700000052,-7.82,-2.67,34.14,37.07
2016-04-28,257324.6031,276852.1799,7520,2016,April,Thursday,-19527.57679999998,-7.59,-2.6,34.22,37.07
2016-04-29,455554.336,489215.0675,13321,2016,April,Friday,-33660.731499999994,-7.39,-2.53,34.2,37.07
2016-04-30,556865.2033,598925.6679,16276,2016,April,Saturday,-42060.46459999995,-7.55,-2.58,34.21,37.07
2016-05-01,354856.0449,380511.1592,10388,2016,May,Sunday,-25655.114300000016,-7.23,-2.47,34.16,37.07
2016-05-02,283284.5813,304997.8518,8298,2016,May,Monday,-21713.270499999984,-7.66,-2.62,34.14,37.07
2016-05-03,297500.674,319786.3595,8717,2016,May,Tuesday,-22285.68550000002,-7.49,-2.56,34.13,37.07
2016-05-04,285968.4878,305506.9982,8364,2016,May,Wednesday,-19538.51039999997,-6.83,-2.34,34.19,37.07
2016-05-05,237946.6327,254527.4155,6968,2016,May,Thursday,-16580.782800000015,-6.97,-2.38,34.15,37.07
2016-05-06,340851.5059,364361.0329,9973,2016,May,Friday,-23509.527000000002,-6.9,-2.36,34.18,37.07
2016-05-07,388187.6014,414644.6235,11363,2016,May,Saturday,-26457.022100000002,-6.82,-2.33,34.16,37.07
2016-05-08,139178.9841,148731.0905,4074,2016,May,Sunday,-9552.10639999999,-6.86,-2.34,34.16,37.07
2016-05-09,66400.30305,57741.73891,1579,2016,May,Monday,8658.564140000002,13.04,5.48,42.05,37.07
2016-05-10,42723.52446,37112.98506,1016,2016,May,Tuesday,5610.5394000000015,13.13,5.52,42.05,37.07
2016-05-11,35014.39948,30393.74012,832,2016,May,Wednesday,4620.6593600000015,13.2,5.55,42.08,37.07
2016-05-12,27210.40663,23570.15916,647,2016,May,Thursday,3640.247470000002,13.38,5.63,42.06,37.07
2016-05-13,79840.08825,69078.71414,1898,2016,May,Friday,10761.374110000004,13.48,5.67,42.07,37.07
2016-05-14,82484.44829,71426.01164,1961,2016,May,Saturday,11058.436650000003,13.41,5.64,42.06,37.07
2016-05-15,51497.23734,44611.93968,1224,2016,May,Sunday,6885.2976599999965,13.37,5.63,42.07,37.07
2016-05-16,42871.83287,37139.30826,1019,2016,May,Monday,5732.52461,13.37,5.63,42.07,37.07
2016-05-17,39104.6391,33890.36043,930,2016,May,Tuesday,5214.27867,13.33,5.61,42.05,37.07
2016-05-18,34406.75001,29884.33059,818,2016,May,Wednesday,4522.419420000002,13.14,5.53,42.06,37.07
2016-05-19,39403.65856,34229.63192,937,2016,May,Thursday,5174.026640000004,13.13,5.52,42.05,37.07
