Data Processing/Sales_Case_Study_processed.csv
Date,Sales,Cost Of Sales,Quantity Sold,year_number,month_name,day_name,gross_profit,gross_profit_pct,gross_profit_per_unit,unit_price,avg_unit_price
2016-05-20,96830.90242,83926.0035,2302,2016,May,Friday,12904.898919999992,13.33,5.61,42.06,37.07
2016-05-21,99380.3946,86179.51339,2363,2016,May,Saturday,13200.881210000007,13.28,5.59,42.06,37.07
2016-05-22,61656.18133,53463.73456,1466,2016,May,Sunday,8192.446770000002,13.29,5.59,42.06,37.07
2016-05-23,69163.55737,59948.43871,1644,2016,May,Monday,9215.118659999993,13.32,5.61,42.07,37.07
2016-05-24,113112.865,117414.6989,3224,2016,May,Tuesday,-4301.833899999998,-3.8,-1.33,35.08,37.07
2016-05-25,253686.3025,268974.5707,7392,2016,May,Wednesday,-15288.268199999991,-6.03,-2.07,34.32,37.07
2016-05-26,210305.2919,223289.0846,6138,2016,May,Thursday,-12983.79269999999,-6.17,-2.12,34.26,37.07
2016-05-27,364087.4243,386499.8964,10624,2016,May,Friday,-22412.472100000014,-6.16,-2.11,34.27,37.07
2016-05-28,397480.3695,421674.1019,11590,2016,May,Saturday,-24193.732400000037,-6.09,-2.09,34.3,37.07
2016-05-29,204028.1768,216777.3157,5959,2016,May,Sunday,-12749.13890000002,-6.25,-2.14,34.24,37.07
2016-05-30,172797.9351,183715.8072,5048,2016,May,Monday,-10917.872100000008,-6.32,-2.16,34.23,37.07
2016-05-31,258970.6541,274386.0154,7542,2016,May,Tuesday,-15415.36129999996,-5.95,-2.04,34.34,37.07
2016-06-01,368789.5726,391923.6596,10761,2016,June,Wednesday,-23134.087,-6.27,-2.15,34.27,37.07
2016-06-02,278071.3866,295548.2416,8120,2016,June,Thursday,-17476.85499999998,-6.29,-2.15,34.25,37.07
2016-06-03,373959.362,396324.1787,10896,2016,June,Friday,-22364.816699999967,-5.98,-2.05,34.32,37.07
2016-06-04,402057.2529,426466.1322,11726,2016,June,Saturday,-24408.87929999997,-6.07,-2.08,34.29,37.07
2016-06-05,205719.4532,218408.1821,6007,2016,June,Sunday,-12688.728900000016,-6.17,-2.11,34.25,37.07
2016-06-06,177626.9501,188629.7542,5185,2016,June,Monday,-11002.804100000008,-6.19,-2.12,34.26,37.07
2016-06-07,70441.90741,60910.7484,1675,2016,June,Tuesday,9531.159010000003,13.53,5.69,42.05,37.07
2016-06-08,162923.8496,173292.6811,4765,2016,June,Wednesday,-10368.8315,-6.36,-2.18,34.19,37.07
2016-06-09,138752.5276,143791.4781,3953,2016,June,Thursday,-5038.950500000006,-3.63,-1.27,35.1,37.07
2016-06-10,252458.2622,261502.3818,7190,2016,June,Friday,-9044.119600000005,-3.58,-1.26,35.11,37.07
2016-06-11,293917.8525,311853.5205,8577,2016,June,Saturday,-17935.668000000005,-6.1,-2.09,34.27,37.07
2016-06-12,138350.1218,143346.6746,3943,2016,June,Sunday,-4996.552800000005,-3.61,-1.27,35.09,37.07
2016-06-13,130067.2756,134950.5665,3707,2016,June,Monday,-4883.290899999993,-3.75,-1.32,35.09,37.07
2016-06-14,107168.6611,111173.1585,3054,2016,June,Tuesday,-4004.4974000000075,-3.74,-1.31,35.09,37.07
2016-06-15,224030.5544,237934.7342,6541,2016,June,Wednesday,-13904.179800000013,-6.21,-2.13,34.25,37.07
2016-06-16,201918.2221,209095.5697,5749,2016,June,Thursday,-7177.347599999979,-3.55,-1.25,35.12,37.07
2016-06-17,329344.2683,341253.3296,9385,2016,June,Friday,-11909.061300000001,-3.62,-1.27,35.09,37.07
2016-06-18,308642.9772,327672.0415,9012,2016,June,Saturday,-19029.06429999997,-6.17,-2.11,34.25,37.07
2016-06-19,134472.4066,139385.8762,3831,2016,June,Sunday,-4913.469600000011,-3.65,-1.28,35.1,37.07
2016-06-20,143809.7206,148953.9109,4097,2016,June,Monday,-5144.1902999999875,-3.58,-1.26,35.1,37.07
2016-06-21,123252.1511,127533.0093,3509,2016,June,Tuesday,-4280.858200000002,-3.47,-1.22,35.12,37.07
2016-06-22,40067.15121,34559.08452,953,2016,June,Wednesday,5508.066690000007,13.75,5.78,42.04,37.07
2016-06-23,143752.7368,155659.5337,4305,2016,June,Thursday,-11906.796899999987,-8.28,-2.77,33.39,37.07
2016-06-24,389904.0086,422372.5816,11667,2016,June,Friday,-32468.572999999975,-8.33,-2.78,33.42,37.07
2016-06-25,461280.7856,498910.329,13793,2016,June,Saturday,-37629.543400000024,-8.16,-2.73,33.44,37.07
2016-06-26,221578.6968,240449.6223,6641,2016,June,Sunday,-18870.925499999983,-8.52,-2.84,33.37,37.07
2016-06-27,253702.223,274426.0803,7593,2016,June,Monday,-20723.857299999974,-8.17,-2.73,33.41,37.07
2016-06-28,200616.0762,217104.5797,6007,2016,June,Tuesday,-16488.50349999999,-8.22,-2.74,33.4,37.07
2016-06-29,211700.8132,229023.8107,6345,2016,June,Wednesday,-17322.997499999998,-8.18,-2.73,33.36,37.07
2016-06-30,282757.7114,305894.1801,8482,2016,June,Thursday,-23136.468700000027,-8.18,-2.73,33.34,37.07
2016-07-01,479010.1567,517742.1926,14344,2016,July,Friday,-38732.03590000002,-8.09,-2.7,33.39,37.07
2016-07-02,454543.2858,490487.0246,13609,2016,July,Saturday,-35943.73879999999,-7.91,-2.64,33.4,37.07
2016-07-03,242185.1807,261534.912,7259,2016,July,Sunday,-19349.731300000014,-7.99,-2.67,33.36,37.07
2016-07-04,281531.6856,304052.477,8431,2016,July,Monday,-22520.791399999987,-8,-2.67,33.39,37.07
2016-07-05,219363.2201,237026.3505,6577,2016,July,Tuesday,-17663.130399999995,-8.05,-2.69,33.35,37.07
2016-07-06,204005.5822,219722.895,6098,2016,July,Wednesday,-15717.312799999985,-7.7,-2.58,33.45,37.07
2016-07-07,69579.06846,59598.9178,1654,2016,July,Thursday,9980.150659999992,14.34,6.03,42.07,37.07
2016-07-08,87184.74003,74654.52042,2073,2016,July,Friday,12530.21961,14.37,6.04,42.06,37.07
2016-07-09,78700.43605,67367.38324,1871,2016,July,Saturday,11333.052810000008,14.4,6.06,42.06,37.07
2016-07-10,39809.55909,34091.56966,946,2016,July,Sunday,5717.989430000001,14.36,6.04,42.08,37.07
2016-07-11,45839.23877,39231.19537,1090,2016,July,Monday,6608.043400000002,14.42,6.06,42.05,37.07
2016-07-12,36851.76375,31574.32547,876,2016,July,Tuesday,5277.4382799999985,14.32,6.02,42.07,37.07
2016-07-13,33225.67047,28489.0814,790,2016,July,Wednesday,4736.589069999998,14.26,6,42.06,37.07
2016-07-14,30423.39146,26053.79672,723,2016,July,Thursday,4369.5947400000005,14.36,6.04,42.08,37.07
2016-07-15,80345.63766,68788.09454,1910,2016,July,Friday,11557.543119999988,14.38,6.05,42.07,37.07
2016-07-16,95297.33863,81655.85773,2266,2016,July,Saturday,13641.480899999995,14.31,6.02,42.06,37.07
2016-07-17,45324.05453,38809.8089,1078,2016,July,Sunday,6514.245629999998,14.37,6.04,42.04,37.07
2016-07-18,51604.11841,44222.78448,1227,2016,July,Monday,7381.333930000001,14.3,6.02,42.06,37.07
2016-07-19,37870.11903,32436.79597,900,2016,July,Tuesday,5433.323060000002,14.35,6.04,42.08,37.07
2016-07-20,42723.52446,36607.39066,1016,2016,July,Wednesday,6116.133800000003,14.32,6.02,42.05,37.07
2016-07-21,35169.91581,30133.31864,836,2016,July,Thursday,5036.597169999997,14.32,6.02,42.07,37.07
2016-07-22,61148.20501,52384.44748,1454,2016,July,Friday,8763.757529999995,14.33,6.03,42.06,37.07
2016-07-23,77171.7018,66113.83204,1835,2016,July,Saturday,11057.869760000001,14.33,6.03,42.06,37.07
2016-07-24,40881.35491,35019.11264,972,2016,July,Sunday,5862.2422700000025,14.34,6.03,42.06,37.07
2016-07-25,43085.59501,36887.36617,1024,2016,July,Monday,6198.228839999996,14.39,6.05,42.08,37.07
2016-07-26,43894.99343,37604.65842,1044,2016,July,Tuesday,6290.3350100000025,14.33,6.03,42.05,37.07
2016-07-27,67780.72889,58196.14599,1611,2016,July,Wednesday,9584.582900000001,14.14,5.95,42.07,37.07
2016-07-28,51907.94315,44544.63074,1234,2016,July,Thursday,7363.312409999999,14.19,5.97,42.06,37.07
2016-07-29,93508.63389,80346.69413,2223,2016,July,Friday,13161.939759999994,14.08,5.92,42.06,37.07
2016-07-30,95343.59551,81874.28886,2267,2016,July,Saturday,13469.306649999999,14.13,5.94,42.06,37.07
2016-07-31,59514.99233,51145.40334,1415,2016,July,Sunday,8369.588990000004,14.06,5.91,42.06,37.07
2016-08-01,65133.9662,55946.05656,1548,2016,August,Monday,9187.909640000005,14.11,5.94,42.08,37.07
2016-08-02,70641.25372,60629.553,1679,2016,August,Tuesday,10011.700719999993,14.17,5.96,42.07,37.07
2016-08-03,48442.17148,41610.78394,1152,2016,August,Wednesday,6831.387539999996,14.1,5.93,42.05,37.07
2016-08-04,46291.37192,39783.36067,1101,2016,August,Thursday,6508.011249999996,14.06,5.91,42.04,37.07
2016-08-05,73453.14329,63386.49259,1746,2016,August,Friday,10066.650700000006,13.7,5.77,42.07,37.07
2016-08-06,71508.89795,61500.57465,1700,2016,August,Saturday,10008.323299999996,14,5.89,42.06,37.07
2016-08-07,30066.12618,25872.48835,715,2016,August,Sunday,4193.63783,13.95,5.87,42.05,37.07
2016-08-08,37726.6159,32490.13602,897,2016,August,Monday,5236.479879999995,13.88,5.84,42.06,37.07
2016-08-09,30831.69463,26577.07945,733,2016,August,Tuesday,4254.615180000001,13.8,5.8,42.06,37.07
2016-08-10,146811.4551,155135.6291,4282,2016,August,Wednesday,-8324.173999999999,-5.67,-1.94,34.29,37.07
2016-08-11,99867.32962,103826.7014,2867,2016,August,Thursday,-3959.3717800000013,-3.96,-1.38,34.83,37.07
2016-08-12,210664.8628,220379.2767,6082,2016,August,Friday,-9714.413899999985,-4.61,-1.6,34.64,37.07
2016-08-13,266271.0391,281658.4183,7771,2016,August,Saturday,-15387.379200000025,-5.78,-1.98,34.26,37.07
2016-08-14,123084.0391,129601.5272,3576,2016,August,Sunday,-6517.488100000002,-5.3,-1.82,34.42,37.07
2016-08-15,162727.5248,168580.1706,4649,2016,August,Monday,-5852.645799999998,-3.6,-1.26,35,37.07
2016-08-16,114708.946,119758.0617,3302,2016,August,Tuesday,-5049.115700000009,-4.4,-1.53,34.74,37.07
2016-08-17,122318.9075,128298.3435,3536,2016,August,Wednesday,-5979.4360000000015,-4.89,-1.69,34.59,37.07
2016-08-18,112010.3445,117374.1916,3236,2016,August,Thursday,-5363.847099999999,-4.79,-1.66,34.61,37.07
2016-08-19,229861.4703,241090.1336,6646,2016,August,Friday,-11228.663300000015,-4.88,-1.69,34.59,37.07
2016-08-20,249981.2497,262145.1773,7220,2016,August,Saturday,-12163.927599999995,-4.87,-1.68,34.62,37.07
2016-08-21,136480.2491,143734.2272,3958,2016,August,Sunday,-7253.9781000000075,-5.32,-1.83,34.48,37.07
2016-08-22,127369.8026,133350.1614,3672,2016,August,Monday,-5980.358800000016,-4.7,-1.63,34.69,37.07
2016-08-23,43537.72816,37649.38753,1035,2016,August,Tuesday,5888.340629999999,13.52,5.69,42.07,37.07
2016-08-24,120407.4133,127699.4159,3549,2016,August,Wednesday,-7292.002600000007,-6.06,-2.05,33.93,37.07
2016-08-25,226375.5431,240429.6855,6647,2016,August,Thursday,-14054.142399999982,-6.21,-2.11,34.06,37.07
2016-08-26,337900.1782,358772.2504,9908,2016,August,Friday,-20872.072199999995,-6.18,-2.11,34.1,37.07
2016-08-27,355069.5401,376755.5645,10393,2016,August,Saturday,-21686.024399999995,-6.11,-2.09,34.16,37.07
2016-08-28,153893.6852,163401.3292,4507,2016,August,Sunday,-9507.644,-6.18,-2.11,34.15,37.07
2016-08-29,159625.7409,169479.1061,4672,2016,August,Monday,-9853.3652,-6.17,-2.11,34.17,37.07
2016-08-30,133961.967,142299.9178,3924,2016,August,Tuesday,-8337.950799999991,-6.22,-2.12,34.14,37.07
2016-08-31,236305.1564,250572.4534,6918,2016,August,Wednesday,-14267.296999999991,-6.04,-2.06,34.16,37.07
2016-09-01,313491.7351,333030.8757,9183,2016,September,Thursday,-19539.140599999984,-6.23,-2.13,34.14,37.07
2016-09-02,370355.0017,392493.0827,10830,2016,September,Friday,-22138.081000000006,-5.98,-2.04,34.2,37.07
2016-09-03,369091.0554,391842.5014,10800,2016,September,Saturday,-22751.445999999996,-6.16,-2.11,34.18,37.07
2016-09-04,209026.0197,222163.7289,6119,2016,September,Sunday,-13137.709199999983,-6.29,-2.15,34.16,37.07
2016-09-05,228177.3168,242589.5872,6685,2016,September,Monday,-14412.270400000009,-6.32,-2.16,34.13,37.07
2016-09-06,154494.782,164108.8264,4519,2016,September,Tuesday,-9614.044399999984,-6.22,-2.13,34.19,37.07
2016-09-07,50736.47417,43830.19685,1206,2016,September,Wednesday,6906.277320000001,13.61,5.73,42.07,37.07
2016-09-08,43292.14924,37391.68089,1029,2016,September,Thursday,5900.468349999996,13.63,5.73,42.07,37.07
2016-09-09,77335.9186,69612.1267,1917,2016,September,Friday,7723.791900000011,9.99,4.03,40.34,37.07
2016-09-10,85070.23489,76591.85292,2108,2016,September,Saturday,8478.381970000002,9.97,4.02,40.36,37.07
2016-09-11,48831.66611,44014.23202,1211,2016,September,Sunday,4817.434089999995,9.87,3.98,40.32,37.07
2016-09-12,52075.15718,46884.14251,1291,2016,September,Monday,5191.014670000004,9.97,4.02,40.34,37.07
2016-09-13,30424.72626,27398.58813,755,2016,September,Tuesday,3026.1381299999994,9.95,4.01,40.3,37.07
2016-09-14,20495.11303,18375.05261,508,2016,September,Wednesday,2120.0604200000016,10.34,4.17,40.34,37.07
2016-09-15,40742.17168,36464.75981,1010,2016,September,Thursday,4277.411869999996,10.5,4.24,40.34,37.07
2016-09-16,69864.83699,62545.19068,1733,2016,September,Friday,7319.646309999996,10.48,4.22,40.31,37.07
2016-09-17,100120.7111,89572.40762,2482,2016,September,Saturday,10548.303480000002,10.54,4.25,40.34,37.07
2016-09-18,49825.09704,44593.79688,1235,2016,September,Sunday,5231.300159999999,10.5,4.24,40.34,37.07
2016-09-19,46566.46205,41660.44043,1155,2016,September,Monday,4906.0216199999995,10.54,4.25,40.32,37.07
2016-09-20,37923.76586,34031.14949,940,2016,September,Tuesday,3892.616369999996,10.26,4.14,40.34,37.07
2016-09-21,50084.8127,44832.2126,1241,2016,September,Wednesday,5252.600100000003,10.49,4.23,40.36,37.07
2016-09-22,41885.82828,37565.47859,1039,2016,September,Thursday,4320.349690000003,10.31,4.16,40.31,37.07
2016-09-23,147503.5732,131964.5158,3657,2016,September,Friday,15539.05740000002,10.53,4.25,40.33,37.07
2016-09-24,151639.1838,135498.1632,3758,2016,September,Saturday,16141.020599999989,10.64,4.3,40.35,37.07
2016-09-25,72457.29759,64758.50417,1797,2016,September,Sunday,7698.793420000002,10.63,4.28,40.32,37.07
2016-09-26,67355.06118,60179.02085,1671,2016,September,Monday,7176.040330000003,10.65,4.29,40.31,37.07
2016-09-27,58941.79283,52812.78251,1462,2016,September,Tuesday,6129.010320000001,10.4,4.19,40.32,37.07
2016-09-28,58796.78502,57168.5605,1581,2016,September,Wednesday,1628.2245200000034,2.77,1.03,37.19,37.07
2016-09-29,57019.38967,55187.38391,1534,2016,September,Thursday,1832.00576,3.21,1.19,37.17,37.07
2016-09-30,155918.3826,151036.4455,4216,2016,September,Friday,4881.93710000001,3.13,1.16,36.98,37.07
2016-10-01,208489.0903,201416.8376,5632,2016,October,Saturday,7072.252700000012,3.39,1.26,37.02,37.07
2016-10-02,118580.4726,113346.9573,3173,2016,October,Sunday,5233.515299999999,4.41,1.65,37.37,37.07
2016-10-03,142758.8811,126506.3447,3540,2016,October,Monday,16252.536399999997,11.38,4.59,40.33,37.07
2016-10-04,96620.98693,85491.83324,2397,2016,October,Tuesday,11129.153689999992,11.52,4.64,40.31,37.07
2016-10-05,78861.59494,69675.42915,1955,2016,October,Wednesday,9186.16579,11.65,4.7,40.34,37.07
2016-10-06,70279.47439,61976.30579,1740,2016,October,Thursday,8303.168600000005,11.81,4.77,40.39,37.07
2016-10-07,87748.86289,77446.60944,2176,2016,October,Friday,10302.253450000004,11.74,4.73,40.33,37.07
2016-10-08,92053.32577,81209.24835,2283,2016,October,Saturday,10844.077420000001,11.78,4.75,40.32,37.07
2016-10-09,51751.38325,45607.2341,1284,2016,October,Sunday,6144.1491499999975,11.87,4.79,40.3,37.07
2016-10-10,50934.98319,44983.7773,1263,2016,October,Monday,5951.205889999997,11.68,4.71,40.33,37.07
2016-10-11,36113.93487,31885.28845,896,2016,October,Tuesday,4228.646419999997,11.71,4.72,40.31,37.07
2016-10-12,31023.35977,27817.64247,768,2016,October,Wednesday,3205.7173000000003,10.33,4.17,40.39,37.07
2016-10-13,22334.21253,19704.09315,521,2016,October,Thursday,2630.11938,11.78,5.05,42.87,37.07
2016-10-14,69440.9288,62070.75118,1618,2016,October,Friday,7370.177619999995,10.61,4.56,42.92,37.07
2016-10-15,92159.02979,83371.81702,2147,2016,October,Saturday,8787.212769999998,9.53,4.09,42.92,37.07
2016-10-16,57296.28785,52701.29461,1335,2016,October,Sunday,4594.993240000003,8.02,3.44,42.92,37.07
2016-10-17,57184.94127,51764.93737,1332,2016,October,Monday,5420.003900000003,9.48,4.07,42.93,37.07
2016-10-18,40951.10428,37288.62455,954,2016,October,Tuesday,3662.479729999999,8.94,3.84,42.93,37.07
2016-10-19,37672.44729,33678.45927,877,2016,October,Wednesday,3993.988019999997,10.6,4.55,42.96,37.07
2016-10-20,38648.13752,35038.06869,906,2016,October,Thursday,3610.0688299999965,9.34,3.98,42.66,37.07
2016-10-21,96020.54537,86810.27753,2249,2016,October,Friday,9210.26784,9.59,4.1,42.69,37.07
2016-10-22,105662.5942,95930.01651,2472,2016,October,Saturday,9732.577690000006,9.21,3.94,42.74,37.07
2016-10-23,54738.48352,49990.51929,1280,2016,October,Sunday,4747.964230000005,8.67,3.71,42.76,37.07
2016-10-24,40131.57351,36347.69872,940,2016,October,Monday,3783.8747900000017,9.43,4.03,42.69,37.07
2016-10-25,70402.99193,63452.76104,1650,2016,October,Tuesday,6950.230890000006,9.87,4.21,42.67,37.07
2016-10-26,62501.7407,56100.87429,1467,2016,October,Wednesday,6400.866410000002,10.24,4.36,42.61,37.07
2016-10-27,53675.21828,48201.94098,1257,2016,October,Thursday,5473.277300000002,10.2,4.35,42.7,37.07
2016-10-28,102606.327,92657.69953,2405,2016,October,Friday,9948.627470000007,9.7,4.14,42.66,37.07
2016-10-29,124988.1555,113187.846,2929,2016,October,Saturday,11800.309499999988,9.44,4.03,42.67,37.07
2016-10-30,67521.03749,61233.71887,1582,2016,October,Sunday,6287.3186200000055,9.31,3.97,42.68,37.07
2016-10-31,70020.59601,62316.15134,1639,2016,October,Monday,7704.444669999997,11,4.7,42.72,37.07
2016-11-01,126954.1702,110698.7429,2971,2016,November,Tuesday,16255.427299999996,12.8,5.47,42.73,37.07
2016-11-02,97558.24705,86203.8752,2284,2016,November,Wednesday,11354.37185000001,11.64,4.97,42.71,37.07
2016-11-03,97039.00987,89413.41597,2266,2016,November,Thursday,7625.593899999993,7.86,3.37,42.82,37.07
2016-11-04,168349.2653,156675.5901,3938,2016,November,Friday,11673.675199999998,6.93,2.96,42.75,37.07
2016-11-05,202017.422,189394.6937,4720,2016,November,Saturday,12622.728299999988,6.25,2.67,42.8,37.07
2016-11-06,108459.0001,102250.1678,2537,2016,November,Sunday,6208.832300000009,5.72,2.45,42.75,37.07
2016-11-07,112536.3771,105978.4825,2621,2016,November,Monday,6557.8946,5.83,2.5,42.94,37.07
2016-11-08,100479.93,94692.47929,2341,2016,November,Tuesday,5787.45070999999,5.76,2.47,42.92,37.07
2016-11-09,81649.68867,77081.66057,1901,2016,November,Wednesday,4568.02810000001,5.59,2.4,42.95,37.07
2016-11-10,71529.16264,67551.25097,1666,2016,November,Thursday,3977.9116700000013,5.56,2.39,42.93,37.07
2016-11-11,160938.6016,152555.4173,3748,2016,November,Friday,8383.184299999994,5.21,2.24,42.94,37.07
2016-11-12,164998.8446,156263.1495,3843,2016,November,Saturday,8735.695100000012,5.29,2.27,42.93,37.07
2016-11-13,97946.78305,93112.60891,2281,2016,November,Sunday,4834.174140000003,4.94,2.12,42.94,37.07
2016-11-14,87834.25368,83068.26903,2046,2016,November,Monday,4765.9846499999985,5.43,2.33,42.93,37.07
2016-11-15,95509.13498,88104.20453,2181,2016,November,Tuesday,7404.93045,7.75,3.4,43.79,37.07
2016-11-16,77229.97189,71428.87,1763,2016,November,Wednesday,5801.101890000005,7.51,3.29,43.81,37.07
